Microchip MPLAB XC8 Compiler V2.40

Linker command line:

-W-3 \
  --edf=C:\Program Files\Microchip\xc8\v2.40\pic\dat\20220703182018_en.msgs \
  -cn -h+dist/default/production\Interface_Drivers.production.sym \
  --cmf=dist/default/production\Interface_Drivers.production.cmf -z \
  -Q18F4620 -oC:\Users\ENGA_E~1\AppData\Local\Temp\xcAs6mo.4 \
  --defsym=__MPLAB_BUILD=1 --fixupoverflow=error \
  -Mdist/default/production/Interface_Drivers.production.map \
  --md=C:\Users\ENGA_E~1\AppData\Local\Temp\xcAs6mo.dat -E1 \
  -ver=XC8 Compiler --acfsm=1493 -ACODE=00h-0FFFFh -ACONST=00h-0FFFFh \
  -ASMALLCONST=01000h-010FFhx240 -AMEDIUMCONST=01000h-0FFFFh \
  -ACOMRAM=01h-07Fh -AABS1=00h-0F7Fh -ABIGRAM=01h-0F7Fh \
  -ARAM=080h-0FFh,0100h-01FFhx14,0F00h-0F7Fh -ABANK0=080h-0FFh \
  -ABANK1=0100h-01FFh -ABANK2=0200h-02FFh -ABANK3=0300h-03FFh \
  -ABANK4=0400h-04FFh -ABANK5=0500h-05FFh -ABANK6=0600h-06FFh \
  -ABANK7=0700h-07FFh -ABANK8=0800h-08FFh -ABANK9=0900h-09FFh \
  -ABANK10=0A00h-0AFFh -ABANK11=0B00h-0BFFh -ABANK12=0C00h-0CFFh \
  -ABANK13=0D00h-0DFFh -ABANK14=0E00h-0EFFh -ABANK15=0F00h-0F7Fh \
  -ASFR=0F80h-0FFFh -ABIGSFR=0F80h-0FFFh -ACONFIG=0300000h-030000Dh \
  -AIDLOC=0200000h-0200007h -AEEDATA=0F00000h-0F003FFh -peeprom_data=EEDATA \
  -preset_vec=00h,intcode=08h,intcodelo,powerup,init -pramtop=01000h \
  -psmallconst=SMALLCONST -pmediumconst=MEDIUMCONST -pconst=CONST \
  -AFARRAM=00h-00h \
  -prdata=COMRAM,nvrram=COMRAM,nvbit=COMRAM,rbss=COMRAM,rbit=COMRAM \
  -pfarbss=FARRAM,fardata=FARRAM,nvFARRAM=FARRAM \
  -pintsave_regs=BIGRAM,bigbss=BIGRAM,bigdata=BIGRAM -pbss=RAM \
  -pidata=CODE,irdata=CODE,ibigdata=CODE,ifardata=CODE -prparam=COMRAM \
  C:\Users\ENGA_E~1\AppData\Local\Temp\xcAs6mo.o \
  dist/default/production\Interface_Drivers.production.o 

Object code version is 3.11

Machine type is 18F4620



                Name                               Link     Load   Length Selector   Space Scale
C:\Users\ENGA_E~1\AppData\Local\Temp\xcAs6mo.o
                idloc                            200000   200000        8        0       5
                config                           300000   300000        E        0       4
                init                                  E        E        4        4       0
                reset_vec                             0        0        4        0       0
dist/default/production\Interface_Drivers.production.o
                intcode                               8        8        6        4       0
                idloc                            200000   200000        8        0       5
                config                           300000   300000        E        0       4
                temp                                 77       77        1        1       1
                smallconst                         1000     1000       16      800       0
                text37                             282A     282A        4     13A5       0
                text36                             2826     2826        4     13A5       0
                text35                             2822     2822        4     13A5       0
                text34                             2832     2832        2     13A5       0
                text33                             2830     2830        2     13A5       0
                text32                             282E     282E        2     13A5       0
                text31                             281E     281E        4     13A5       0
                text30                             281A     281A        4     13A5       0
                text29                             2816     2816        4     13A5       0
                text28                             2812     2812        4     13A5       0
                text27                             280E     280E        4     13A5       0
                text26                             26B0     26B0       44      80B       0
                text25                             27B2     27B2       16     13A5       0
                text24                             26F4     26F4       2E      80B       0
                text23                             2798     2798       1A     13A5       0
                text22                             277E     277E       1A     13A5       0
                text21                             2764     2764       1A     13A5       0
                text20                             274A     274A       1A     13A5       0
                text19                             27EE     27EE        C     13A5       0
                text18                             27E2     27E2        C     13A5       0
                text17                             27FA     27FA        8     13A5       0
                text16                             27D6     27D6        C     13A5       0
                intcode_body                       14D6     14D6      438      80B       0
                text14                             2666     2666       4A      80B       0
                text13                             1016     1016      4C0      80B       0
                text12                             190E     190E      39A      80B       0
                text11                             22A6     22A6      108      80B       0
                text10                             1E82     1E82      1B4      80B       0
                text9                              1CA8     1CA8      1DA      80B       0
                text8                              2036     2036      144      80B       0
                text7                              217A     217A      12C      80B       0
                text6                              2598     2598       6C      80B       0
                text5                              2526     2526       72      80B       0
                text4                              27C8     27C8        E     13A5       0
                text3                              2808     2808        6     13A5       0
                text2                              24B0     24B0       76      80B       0
                text1                              243A     243A       76      80B       0
                text0                              23AE     23AE       8C      80B       0
                cstackCOMRAM                          1        1       47        1       1
                cstackBANK0                          D4       D4        7       80       1
                dataBANK0                            AD       AD       27       80       1
                bssBANK0                             80       80       2D       80       1
                dataCOMRAM                           71       71        6        1       1
                bssCOMRAM                            48       48       29        1       1
                cinit                              2604     2604       62      80B       0
                idataBANK0                         2722     2722       27      80B       0
                idataCOMRAM                        2802     2802        6     13A5       0

TOTAL           Name                               Link     Load   Length     Space
        CLASS   CODE           
                intcode                               8        8        6         0
                init                                  E        E        4         0
                reset_vec                             0        0        4         0
                text37                             282A     282A        4         0
                text36                             2826     2826        4         0
                text35                             2822     2822        4         0
                text34                             2832     2832        2         0
                text33                             2830     2830        2         0
                text32                             282E     282E        2         0
                text31                             281E     281E        4         0
                text30                             281A     281A        4         0
                text29                             2816     2816        4         0
                text28                             2812     2812        4         0
                text27                             280E     280E        4         0
                text26                             26B0     26B0       44         0
                text25                             27B2     27B2       16         0
                text24                             26F4     26F4       2E         0
                text23                             2798     2798       1A         0
                text22                             277E     277E       1A         0
                text21                             2764     2764       1A         0
                text20                             274A     274A       1A         0
                text19                             27EE     27EE        C         0
                text18                             27E2     27E2        C         0
                text17                             27FA     27FA        8         0
                text16                             27D6     27D6        C         0
                intcode_body                       14D6     14D6      438         0
                text14                             2666     2666       4A         0
                text13                             1016     1016      4C0         0
                text12                             190E     190E      39A         0
                text11                             22A6     22A6      108         0
                text10                             1E82     1E82      1B4         0
                text9                              1CA8     1CA8      1DA         0
                text8                              2036     2036      144         0
                text7                              217A     217A      12C         0
                text6                              2598     2598       6C         0
                text5                              2526     2526       72         0
                text4                              27C8     27C8        E         0
                text3                              2808     2808        6         0
                text2                              24B0     24B0       76         0
                text1                              243A     243A       76         0
                text0                              23AE     23AE       8C         0
                cinit                              2604     2604       62         0
                idataBANK0                         2722     2722       27         0
                idataCOMRAM                        2802     2802        6         0

        CLASS   CONST          

        CLASS   SMALLCONST     
                smallconst                         1000     1000       16         0

        CLASS   MEDIUMCONST    

        CLASS   COMRAM         
                temp                                 77       77        1         1
                cstackCOMRAM                          1        1       47         1
                dataCOMRAM                           71       71        6         1
                bssCOMRAM                            48       48       29         1

        CLASS   ABS1           

        CLASS   BIGRAM         

        CLASS   RAM            

        CLASS   BANK0          
                cstackBANK0                          D4       D4        7         1
                dataBANK0                            AD       AD       27         1
                bssBANK0                             80       80       2D         1

        CLASS   BANK1          

        CLASS   BANK2          

        CLASS   BANK3          

        CLASS   BANK4          

        CLASS   BANK5          

        CLASS   BANK6          

        CLASS   BANK7          

        CLASS   BANK8          

        CLASS   BANK9          

        CLASS   BANK10         

        CLASS   BANK11         

        CLASS   BANK12         

        CLASS   BANK13         

        CLASS   BANK14         

        CLASS   BANK15         

        CLASS   SFR            

        CLASS   BIGSFR         

        CLASS   CONFIG         
                config                           300000   300000        E         4

        CLASS   IDLOC          
                idloc                            200000   200000        8         5

        CLASS   EEDATA         

        CLASS   FARRAM         

        CLASS   HEAP           

        CLASS   STACK          



SEGMENTS        Name                           Load    Length   Top    Selector   Space  Class

                reset_vec                      000000  000004  000004         0       0  CODE    
                cstackCOMRAM                   000001  000077  000078         1       1  COMRAM  
                intcode                        000008  00000A  000012         4       0  CODE    
                bssBANK0                       000080  00005B  0000DB        80       1  BANK0   
                smallconst                     001000  000016  001016       800       0  SMALLCON
                text13                         001016  001733  002749       80B       0  CODE    
                text20                         00274A  0000EA  002834      13A5       0  CODE    


UNUSED ADDRESS RANGES

        Name                Unused          Largest block    Delta
        BANK0            0000DB-0000FF               25
        BANK1            000100-0001FF              100
        BANK10           000A00-000AFF              100
        BANK11           000B00-000BFF              100
        BANK12           000C00-000CFF              100
        BANK13           000D00-000DFF              100
        BANK14           000E00-000EFF              100
        BANK15           000F00-000F7F               80
        BANK2            000200-0002FF              100
        BANK3            000300-0003FF              100
        BANK4            000400-0004FF              100
        BANK5            000500-0005FF              100
        BANK6            000600-0006FF              100
        BANK7            000700-0007FF              100
        BANK8            000800-0008FF              100
        BANK9            000900-0009FF              100
        BIGRAM           000078-00007F                8
                         0000DB-000F7F              EA5
        BIGSFR           000F80-000FFF               80
        CODE             000004-000007                4
                         000012-000FFF              FEE
                         002749-002749                1
                         002834-00FFFF             D7CC
        COMRAM           000078-00007F                8
        CONST            000004-000007                4
                         000012-000FFF              FEE
                         002749-002749                1
                         002834-00FFFF             D7CC
        EEDATA           F00000-F003FF              400
        MEDIUMCONST      002749-002749                1
                         002834-00FFFF             D7CC
        RAM              0000DB-000F7F              100
        SFR              000F80-000FFF               80
        SMALLCONST       002749-002749                1
                         002834-00FFFF              100

                                  Symbol Table

?___fladd                                    cstackCOMRAM 000030
?___fldiv                                    cstackCOMRAM 000017
?___fltol                                    cstackCOMRAM 000040
?___xxtofl                                   cstackCOMRAM 000009
CCP_CompareModeSetValue@F3107                bssCOMRAM    00005E
MSSP_I2C_Init@i2c_obj                        cstackBANK0  0000D6
MSSP_I2C_Init@ret                            cstackBANK0  0000DA
MSSP_I2C_Interrupt_Configuration@i2c_obj     cstackCOMRAM 000009
MSSP_I2C_SLAVE_Read_Write@i2c_data           cstackCOMRAM 000003
MSSP_I2C_SLAVE_Read_Write@i2c_obj            cstackCOMRAM 000001
RB4_ISR@RB4_Source                           cstackCOMRAM 000001
RB5_ISR@RB5_Source                           cstackCOMRAM 000001
RB6_ISR@RB6_Source                           cstackCOMRAM 000001
RB7_ISR@RB7_Source                           cstackCOMRAM 000001
_ADCON0bits                                  (abs)        000FC2
_ADCON1bits                                  (abs)        000FC1
_ADCON2bits                                  (abs)        000FC0
_ADC_ISR                                     text37       00282A
_ADC_InterruptHandler                        bssCOMRAM    000064
_ADRESH                                      (abs)        000FC4
_ADRESL                                      (abs)        000FC3
_BAUDCONbits                                 (abs)        000FB8
_CCP1CONbits                                 (abs)        000FBD
_CCP1_ISR                                    text36       002826
_CCP1_InterruptHandler                       bssCOMRAM    000062
_CCP2CONbits                                 (abs)        000FBA
_CCP2_ISR                                    text35       002822
_CCP2_InterruptHandler                       bssCOMRAM    000060
_CCPR1H                                      (abs)        000FBF
_CCPR1L                                      (abs)        000FBE
_CCPR2H                                      (abs)        000FBC
_CCPR2L                                      (abs)        000FBB
_EEADR                                       (abs)        000FA9
_EEADRH                                      (abs)        000FAA
_EECON1bits                                  (abs)        000FA6
_EECON2                                      (abs)        000FA7
_EEDATA                                      (abs)        000FA8
_EUSART_FRAMIN_ERROR_ISR                     text34       002832
_EUSART_FramingErrorHandler                  bssBANK0     000084
_EUSART_OVERRUN_ERROR_ISR                    text33       002830
_EUSART_OverrunErrorHandler                  bssBANK0     000082
_EUSART_RX_ISR                               text32       00282E
_EUSART_RxInterruptHandler                   bssBANK0     000086
_EUSART_TX_ISR                               text31       00281E
_EUSART_TxInterruptHandler                   bssBANK0     000088
_I2CInterruptHandler                         bssCOMRAM    00005C
_I2C_BUS_COLInterruptHandler                 bssCOMRAM    00005A
_I2C_Report_Receive_OverFlowInterruptHandler bssBANK0     00009E
_INT0_ISR                                    text30       00281A
_INT0_InterruptHandler                       bssCOMRAM    000058
_INT1_ISR                                    text29       002816
_INT1_InterruptHandler                       bssCOMRAM    000056
_INT2_ISR                                    text28       002812
_INT2_InterruptHandler                       bssCOMRAM    000054
_INTCON2bits                                 (abs)        000FF1
_INTCON3bits                                 (abs)        000FF0
_INTCONbits                                  (abs)        000FF2
_InterruptManager                            intcode      000008
_MSSP_I2C_BUS_COL_ISR                        text27       00280E
_MSSP_I2C_DefaultInterruptHandler            text25       0027B2
_MSSP_I2C_ISR                                text24       0026F4
_MSSP_I2C_Init                               text9        001CA8
_MSSP_I2C_Interrupt_Configuration            text14       002666
_MSSP_I2C_SLAVE_Read_Write                   text26       0026B0
_PIE1bits                                    (abs)        000F9D
_PIE2bits                                    (abs)        000FA0
_PIR1bits                                    (abs)        000F9E
_PIR2bits                                    (abs)        000FA1
_PORTBbits                                   (abs)        000F81
_RB4_Flag                                    dataCOMRAM   000074
_RB4_ISR                                     text23       002798
_RB4_InterruptHandlerHigh                    bssCOMRAM    000052
_RB4_InterruptHandlerLow                     bssCOMRAM    000050
_RB5_Flag                                    dataCOMRAM   000073
_RB5_ISR                                     text22       00277E
_RB5_InterruptHandlerHigh                    bssCOMRAM    00004E
_RB5_InterruptHandlerLow                     bssBANK0     00009C
_RB6_Flag                                    dataCOMRAM   000072
_RB6_ISR                                     text21       002764
_RB6_InterruptHandlerHigh                    bssBANK0     00009A
_RB6_InterruptHandlerLow                     bssBANK0     000098
_RB7_Flag                                    dataCOMRAM   000071
_RB7_ISR                                     text20       00274A
_RB7_InterruptHandlerHigh                    bssBANK0     000096
_RB7_InterruptHandlerLow                     bssBANK0     000094
_RCREG                                       (abs)        000FAE
_RCSTAbits                                   (abs)        000FAB
_SPBRG                                       (abs)        000FAF
_SPBRGH                                      (abs)        000FB0
_SSPADD                                      (abs)        000FC8
_SSPBUF                                      (abs)        000FC9
_SSPCON1bits                                 (abs)        000FC6
_SSPCON2bits                                 (abs)        000FC5
_SSPSTATbits                                 (abs)        000FC7
_T0CONbits                                   (abs)        000FD5
_T1CONbits                                   (abs)        000FCD
_T2CONbits                                   (abs)        000FCA
_T3CONbits                                   (abs)        000FB1
_TIMER0_ISR                                  text19       0027EE
_TIMER0_InterruptHandler                     bssBANK0     000090
_TIMER1_ISR                                  text18       0027E2
_TIMER1_InterruptHandler                     bssBANK0     00008E
_TIMER2_ISR                                  text17       0027FA
_TIMER2_InterruptHandler                     bssBANK0     00008C
_TIMER3_ISR                                  text16       0027D6
_TIMER3_InterruptHandler                     bssBANK0     00008A
_TMR0H                                       (abs)        000FD7
_TMR0L                                       (abs)        000FD6
_TMR1H                                       (abs)        000FCF
_TMR1L                                       (abs)        000FCE
_TMR2                                        (abs)        000FCC
_TMR3H                                       (abs)        000FB3
_TMR3L                                       (abs)        000FB2
_TRISA                                       (abs)        000F92
_TRISAbits                                   (abs)        000F92
_TRISB                                       (abs)        000F93
_TRISCbits                                   (abs)        000F94
_TRISE                                       (abs)        000F96
_TXREG                                       (abs)        000FAD
_TXSTAbits                                   (abs)        000FAC
__HRAM                                       (abs)        000000
__Habs1                                      abs1         000000
__Hbank0                                     bank0        000000
__Hbank1                                     bank1        000000
__Hbank10                                    bank10       000000
__Hbank11                                    bank11       000000
__Hbank12                                    bank12       000000
__Hbank13                                    bank13       000000
__Hbank14                                    bank14       000000
__Hbank15                                    bank15       000000
__Hbank2                                     bank2        000000
__Hbank3                                     bank3        000000
__Hbank4                                     bank4        000000
__Hbank5                                     bank5        000000
__Hbank6                                     bank6        000000
__Hbank7                                     bank7        000000
__Hbank8                                     bank8        000000
__Hbank9                                     bank9        000000
__Hbigbss                                    bigbss       000000
__Hbigdata                                   bigdata      000000
__Hbigram                                    bigram       000000
__Hbigsfr                                    bigsfr       000000
__Hbss                                       bss          000000
__HbssBANK0                                  bssBANK0     000000
__HbssCOMRAM                                 bssCOMRAM    000000
__Hcinit                                     cinit        000000
__Hclrtext                                   clrtext      000000
__Hcomram                                    comram       000000
__Hconfig                                    config       30000E
__Hconst                                     const        000000
__HcstackBANK0                               cstackBANK0  000000
__HcstackCOMRAM                              cstackCOMRAM 000000
__Hdata                                      data         000000
__HdataBANK0                                 dataBANK0    000000
__HdataCOMRAM                                dataCOMRAM   000000
__Heeprom_data                               eeprom_data  000000
__Hfarbss                                    farbss       000000
__Hfardata                                   fardata      000000
__Hheap                                      heap         000000
__Hibigdata                                  ibigdata     000000
__Hidata                                     idata        000000
__HidataBANK0                                idataBANK0   000000
__HidataCOMRAM                               idataCOMRAM  000000
__Hidloc                                     idloc        200008
__Hifardata                                  ifardata     000000
__Hinit                                      init         000012
__Hintcode                                   intcode      00000E
__Hintcode_body                              intcode_body 000000
__Hintcodelo                                 intcodelo    00000E
__Hintentry                                  intentry     000000
__Hintret                                    intret       000000
__Hintsave_regs                              intsave_regs 000000
__Hirdata                                    irdata       000000
__Hmediumconst                               mediumconst  000000
__HnvFARRAM                                  nvFARRAM     000000
__Hnvbit                                     nvbit        000000
__Hnvrram                                    nvrram       000000
__Hparam                                     rparam       000000
__Hpowerup                                   powerup      00000E
__Hram                                       ram          000000
__Hramtop                                    ramtop       001000
__Hrbit                                      rbit         000000
__Hrbss                                      rbss         000000
__Hrdata                                     rdata        000000
__Hreset_vec                                 reset_vec    000004
__Hrparam                                    rparam       000000
__Hsfr                                       sfr          000000
__Hsmallconst                                smallconst   001016
__Hspace_0                                   (abs)        002834
__Hspace_1                                   (abs)        0000DB
__Hspace_2                                   (abs)        000000
__Hspace_4                                   (abs)        60000E
__Hstack                                     stack        000000
__Hstruct                                    struct       000000
__Htemp                                      temp         000078
__Htext                                      text         000000
__Htext0                                     text0        000000
__Htext1                                     text1        000000
__Htext10                                    text10       000000
__Htext11                                    text11       000000
__Htext12                                    text12       000000
__Htext13                                    text13       000000
__Htext14                                    text14       000000
__Htext16                                    text16       000000
__Htext17                                    text17       000000
__Htext18                                    text18       000000
__Htext19                                    text19       000000
__Htext2                                     text2        000000
__Htext20                                    text20       000000
__Htext21                                    text21       000000
__Htext22                                    text22       000000
__Htext23                                    text23       000000
__Htext24                                    text24       000000
__Htext25                                    text25       000000
__Htext26                                    text26       000000
__Htext27                                    text27       000000
__Htext28                                    text28       000000
__Htext29                                    text29       000000
__Htext3                                     text3        000000
__Htext30                                    text30       000000
__Htext31                                    text31       000000
__Htext32                                    text32       000000
__Htext33                                    text33       000000
__Htext34                                    text34       000000
__Htext35                                    text35       000000
__Htext36                                    text36       000000
__Htext37                                    text37       000000
__Htext38                                    text38       000000
__Htext4                                     text4        000000
__Htext5                                     text5        000000
__Htext6                                     text6        000000
__Htext7                                     text7        000000
__Htext8                                     text8        000000
__Htext9                                     text9        000000
__LRAM                                       (abs)        000001
__Labs1                                      abs1         000000
__Lbank0                                     bank0        000000
__Lbank1                                     bank1        000000
__Lbank10                                    bank10       000000
__Lbank11                                    bank11       000000
__Lbank12                                    bank12       000000
__Lbank13                                    bank13       000000
__Lbank14                                    bank14       000000
__Lbank15                                    bank15       000000
__Lbank2                                     bank2        000000
__Lbank3                                     bank3        000000
__Lbank4                                     bank4        000000
__Lbank5                                     bank5        000000
__Lbank6                                     bank6        000000
__Lbank7                                     bank7        000000
__Lbank8                                     bank8        000000
__Lbank9                                     bank9        000000
__Lbigbss                                    bigbss       000000
__Lbigdata                                   bigdata      000000
__Lbigram                                    bigram       000000
__Lbigsfr                                    bigsfr       000000
__Lbss                                       bss          000000
__LbssBANK0                                  bssBANK0     000000
__LbssCOMRAM                                 bssCOMRAM    000000
__Lcinit                                     cinit        000000
__Lclrtext                                   clrtext      000000
__Lcomram                                    comram       000000
__Lconfig                                    config       000000
__Lconst                                     const        000000
__LcstackBANK0                               cstackBANK0  000000
__LcstackCOMRAM                              cstackCOMRAM 000000
__Ldata                                      data         000000
__LdataBANK0                                 dataBANK0    000000
__LdataCOMRAM                                dataCOMRAM   000000
__Leeprom_data                               eeprom_data  000000
__Lfarbss                                    farbss       000000
__Lfardata                                   fardata      000000
__Lheap                                      heap         000000
__Libigdata                                  ibigdata     000000
__Lidata                                     idata        000000
__LidataBANK0                                idataBANK0   000000
__LidataCOMRAM                               idataCOMRAM  000000
__Lidloc                                     idloc        000000
__Lifardata                                  ifardata     000000
__Linit                                      init         00000E
__Lintcode                                   intcode      000008
__Lintcode_body                              intcode_body 000000
__Lintcodelo                                 intcodelo    00000E
__Lintentry                                  intentry     000000
__Lintret                                    intret       000000
__Lintsave_regs                              intsave_regs 000000
__Lirdata                                    irdata       000000
__Lmediumconst                               mediumconst  000000
__LnvFARRAM                                  nvFARRAM     000000
__Lnvbit                                     nvbit        000000
__Lnvrram                                    nvrram       000000
__Lparam                                     rparam       000000
__Lpowerup                                   powerup      00000E
__Lram                                       ram          000000
__Lramtop                                    ramtop       001000
__Lrbit                                      rbit         000000
__Lrbss                                      rbss         000000
__Lrdata                                     rdata        000000
__Lreset_vec                                 reset_vec    000000
__Lrparam                                    rparam       000000
__Lsfr                                       sfr          000000
__Lsmallconst                                smallconst   001000
__Lspace_0                                   (abs)        000000
__Lspace_1                                   (abs)        000000
__Lspace_2                                   (abs)        000000
__Lspace_4                                   (abs)        000000
__Lstack                                     stack        000000
__Lstruct                                    struct       000000
__Ltemp                                      temp         000077
__Ltext                                      text         000000
__Ltext0                                     text0        000000
__Ltext1                                     text1        000000
__Ltext10                                    text10       000000
__Ltext11                                    text11       000000
__Ltext12                                    text12       000000
__Ltext13                                    text13       000000
__Ltext14                                    text14       000000
__Ltext16                                    text16       000000
__Ltext17                                    text17       000000
__Ltext18                                    text18       000000
__Ltext19                                    text19       000000
__Ltext2                                     text2        000000
__Ltext20                                    text20       000000
__Ltext21                                    text21       000000
__Ltext22                                    text22       000000
__Ltext23                                    text23       000000
__Ltext24                                    text24       000000
__Ltext25                                    text25       000000
__Ltext26                                    text26       000000
__Ltext27                                    text27       000000
__Ltext28                                    text28       000000
__Ltext29                                    text29       000000
__Ltext3                                     text3        000000
__Ltext30                                    text30       000000
__Ltext31                                    text31       000000
__Ltext32                                    text32       000000
__Ltext33                                    text33       000000
__Ltext34                                    text34       000000
__Ltext35                                    text35       000000
__Ltext36                                    text36       000000
__Ltext37                                    text37       000000
__Ltext38                                    text38       000000
__Ltext4                                     text4        000000
__Ltext5                                     text5        000000
__Ltext6                                     text6        000000
__Ltext7                                     text7        000000
__Ltext8                                     text8        000000
__Ltext9                                     text9        000000
__S0                                         (abs)        002834
__S1                                         (abs)        0000DB
__S4                                         (abs)        000000
__S5                                         (abs)        000000
___fladd                                     text13       001016
___fladd@a                                   cstackCOMRAM 000034
___fladd@aexp                                cstackCOMRAM 00003D
___fladd@b                                   cstackCOMRAM 000030
___fladd@bexp                                cstackCOMRAM 00003E
___fladd@grs                                 cstackCOMRAM 00003F
___fladd@signs                               cstackCOMRAM 00003C
___fldiv                                     text12       00190E
___fldiv@a                                   cstackCOMRAM 00001B
___fldiv@aexp                                cstackCOMRAM 00002F
___fldiv@b                                   cstackCOMRAM 000017
___fldiv@bexp                                cstackCOMRAM 00002E
___fldiv@grs                                 cstackCOMRAM 00002A
___fldiv@new_exp                             cstackCOMRAM 000028
___fldiv@rem                                 cstackCOMRAM 000023
___fldiv@sign                                cstackCOMRAM 000027
___fltol                                     text11       0022A6
___fltol@exp1                                cstackBANK0  0000D5
___fltol@f1                                  cstackCOMRAM 000040
___fltol@sign1                               cstackBANK0  0000D4
___heap_hi                                   (abs)        000000
___heap_lo                                   (abs)        000000
___inthi_sp                                  stack        000000
___intlo_sp                                  stack        000000
___param_bank                                (abs)        000000
___rparam_used                               (abs)        000001
___sp                                        stack        000000
___xxtofl                                    text10       001E82
___xxtofl@arg                                cstackCOMRAM 000013
___xxtofl@exp                                cstackCOMRAM 000012
___xxtofl@sign                               cstackCOMRAM 000011
___xxtofl@val                                cstackCOMRAM 000009
__accesstop                                  (abs)        000080
__activetblptr                               (abs)        000003
__end_of_ADC_ISR                             text37       00282E
__end_of_CCP1_ISR                            text36       00282A
__end_of_CCP2_ISR                            text35       002826
__end_of_EUSART_FRAMIN_ERROR_ISR             text34       002834
__end_of_EUSART_OVERRUN_ERROR_ISR            text33       002832
__end_of_EUSART_RX_ISR                       text32       002830
__end_of_EUSART_TX_ISR                       text31       002822
__end_of_INT0_ISR                            text30       00281E
__end_of_INT1_ISR                            text29       00281A
__end_of_INT2_ISR                            text28       002816
__end_of_InterruptManager                    intcode_body 00190E
__end_of_MSSP_I2C_BUS_COL_ISR                text27       002812
__end_of_MSSP_I2C_DefaultInterruptHandler    text25       0027C8
__end_of_MSSP_I2C_ISR                        text24       002722
__end_of_MSSP_I2C_Init                       text9        001E82
__end_of_MSSP_I2C_Interrupt_Configuration    text14       0026B0
__end_of_MSSP_I2C_SLAVE_Read_Write           text26       0026F4
__end_of_RB4_ISR                             text23       0027B2
__end_of_RB5_ISR                             text22       002798
__end_of_RB6_ISR                             text21       00277E
__end_of_RB7_ISR                             text20       002764
__end_of_TIMER0_ISR                          text19       0027FA
__end_of_TIMER1_ISR                          text18       0027EE
__end_of_TIMER2_ISR                          text17       002802
__end_of_TIMER3_ISR                          text16       0027E2
__end_of___fladd                             text13       0014D6
__end_of___fldiv                             text12       001CA8
__end_of___fltol                             text11       0023AE
__end_of___xxtofl                            text10       002036
__end_of__initialization                     cinit        00265C
__end_of_application_intialize               text3        00280E
__end_of_btn_valus                           smallconst   001011
__end_of_ecu_layer_initialize                text4        0027D6
__end_of_gpio_pin_direction_initialize       text8        00217A
__end_of_gpio_pin_initialize                 text6        002604
__end_of_gpio_pin_write_logic                text7        0022A6
__end_of_led_initialize                      text5        002598
__end_of_led_turn_off                        text2        002526
__end_of_led_turn_on                         text1        0024B0
__end_of_main                                text0        00243A
__initialization                             cinit        002604
__mediumconst                                mediumconst  000000
__pbssBANK0                                  bssBANK0     000080
__pbssCOMRAM                                 bssCOMRAM    000048
__pcinit                                     cinit        002604
__pcstackBANK0                               cstackBANK0  0000D4
__pcstackCOMRAM                              cstackCOMRAM 000001
__pdataBANK0                                 dataBANK0    0000AD
__pdataCOMRAM                                dataCOMRAM   000071
__pidataBANK0                                idataBANK0   002722
__pidataCOMRAM                               idataCOMRAM  002802
__pintcode                                   intcode      000008
__pintcode_body                              intcode_body 0014D6
__psmallconst                                smallconst   001000
__ptext0                                     text0        0023AE
__ptext1                                     text1        00243A
__ptext10                                    text10       001E82
__ptext11                                    text11       0022A6
__ptext12                                    text12       00190E
__ptext13                                    text13       001016
__ptext14                                    text14       002666
__ptext16                                    text16       0027D6
__ptext17                                    text17       0027FA
__ptext18                                    text18       0027E2
__ptext19                                    text19       0027EE
__ptext2                                     text2        0024B0
__ptext20                                    text20       00274A
__ptext21                                    text21       002764
__ptext22                                    text22       00277E
__ptext23                                    text23       002798
__ptext24                                    text24       0026F4
__ptext25                                    text25       0027B2
__ptext26                                    text26       0026B0
__ptext27                                    text27       00280E
__ptext28                                    text28       002812
__ptext29                                    text29       002816
__ptext3                                     text3        002808
__ptext30                                    text30       00281A
__ptext31                                    text31       00281E
__ptext32                                    text32       00282E
__ptext33                                    text33       002830
__ptext34                                    text34       002832
__ptext35                                    text35       002822
__ptext36                                    text36       002826
__ptext37                                    text37       00282A
__ptext38                                    text38       000000
__ptext4                                     text4        0027C8
__ptext5                                     text5        002526
__ptext6                                     text6        002598
__ptext7                                     text7        00217A
__ptext8                                     text8        002036
__ptext9                                     text9        001CA8
__ramtop                                     ramtop       001000
__smallconst                                 smallconst   001000
_app_counter                                 bssBANK0     000080
_application_intialize                       text3        002808
_btn_c2                                      dataBANK0    0000D1
_ecu_layer_initialize                        text4        0027C8
_gpio_pin_direction_initialize               text8        002036
_gpio_pin_initialize                         text6        002598
_gpio_pin_write_logic                        text7        00217A
_i2c_obj                                     bssBANK0     0000A0
_i2c_slave_1_rec                             bssCOMRAM    000066
_i2c_slave_2rec                              bssCOMRAM    00006F
_lat_registers                               dataBANK0    0000B7
_lcd_1                                       dataBANK0    0000CB
_led1                                        dataCOMRAM   000075
_led_D_0                                     dataCOMRAM   000076
_led_initialize                              text5        002526
_led_turn_off                                text2        0024B0
_led_turn_on                                 text1        00243A
_main                                        text0        0023AE
_port_registers                              dataBANK0    0000AD
_slave_ack                                   bssCOMRAM    000070
_timer0_preload                              bssCOMRAM    00004C
_timer1_preload                              bssCOMRAM    00004A
_timer2_preload                              bssCOMRAM    000067
_timer3_preload                              bssCOMRAM    000048
_tris_registers                              dataBANK0    0000C1
btemp                                        temp         000077
end_of_initialization                        cinit        00265C
gpio_pin_direction_initialize@_pin_config    cstackCOMRAM 000009
gpio_pin_direction_initialize@ret            cstackCOMRAM 000011
gpio_pin_initialize@_pin_config              cstackCOMRAM 000013
gpio_pin_initialize@ret                      cstackCOMRAM 000016
gpio_pin_write_logic@_pin_config             cstackCOMRAM 000009
gpio_pin_write_logic@logic                   cstackCOMRAM 00000B
gpio_pin_write_logic@ret                     cstackCOMRAM 000012
int$flags                                    temp         000077
int_func                                     intcode_body 0014D6
intlevel0                                    text         000000
intlevel1                                    text         000000
intlevel2                                    text         000000
intlevel3                                    text         000000
isa$std                                      (abs)        000001
isa$xinst                                    (abs)        000000
led_initialize@F3045                         bssCOMRAM    00006E
led_initialize@led                           cstackCOMRAM 000017
led_initialize@pin_obj                       cstackCOMRAM 00001A
led_turn_off@F3055                           bssCOMRAM    00006C
led_turn_off@led                             cstackCOMRAM 000013
led_turn_off@pin_obj                         cstackCOMRAM 000016
led_turn_on@F3050                            bssCOMRAM    00006D
led_turn_on@led                              cstackCOMRAM 000013
led_turn_on@pin_obj                          cstackCOMRAM 000016
led_turn_toggle@F3060                        bssCOMRAM    00006B
relay_initialize@F3039                       bssCOMRAM    00006A
relay_turn_off@F3049                         bssCOMRAM    000068
relay_turn_on@F3044                          bssCOMRAM    000069
stackhi                                      (abs)        000000
stacklo                                      (abs)        000000
start                                        init         00000E
start_initialization                         cinit        002604
ttemp5                                       temp         000078
ttemp6                                       temp         00007B
ttemp7                                       temp         00007F
wtemp8                                       temp         000078


MODULE INFORMATION

Module		Function		Class		Link	Load	Size
C:\Program Files\Microchip\xc8\v2.40\pic\sources\c99\common\sprcdiv.c
		___fldiv       		CODE           	190E	0000	922

C:\Program Files\Microchip\xc8\v2.40\pic\sources\c99\common\sprcdiv.c estimated size: 922

MCAL_Layer/GPIO/hal_gbio.c
		_gpio_pin_write_logic		CODE           	217A	0000	300
		_gpio_pin_direction_initialize		CODE           	2036	0000	324
		_gpio_pin_initialize		CODE           	2598	0000	108

MCAL_Layer/GPIO/hal_gbio.c estimated size: 732

C:\Program Files\Microchip\xc8\v2.40\pic\sources\c99\common\fltol.c
		___fltol       		CODE           	22A6	0000	264

C:\Program Files\Microchip\xc8\v2.40\pic\sources\c99\common\fltol.c estimated size: 264

C:\Program Files\Microchip\xc8\v2.40\pic\sources\c99\common\sprcadd.c
		___fladd       		CODE           	1016	0000	1216

C:\Program Files\Microchip\xc8\v2.40\pic\sources\c99\common\sprcadd.c estimated size: 1216

MCAL_Layer/I2C/hal_i2c.c
		_MSSP_I2C_BUS_COL_ISR		CODE           	280E	0000	4
		_MSSP_I2C_Interrupt_Configuration		CODE           	2666	0000	74
		_MSSP_I2C_ISR  		CODE           	26F4	0000	46
		_MSSP_I2C_Init 		CODE           	1CA8	0000	474
		_MSSP_I2C_SLAVE_Read_Write		CODE           	26B0	0000	68

MCAL_Layer/I2C/hal_i2c.c estimated size: 666

C:\Program Files\Microchip\xc8\v2.40\pic\sources\c99\common\xxtofl.c
		___xxtofl      		CODE           	1E82	0000	436

C:\Program Files\Microchip\xc8\v2.40\pic\sources\c99\common\xxtofl.c estimated size: 436

MCAL_Layer/usart/hal_usart.c
		_EUSART_RX_ISR 		CODE           	282E	0000	2
		_EUSART_TX_ISR 		CODE           	281E	0000	4
		_EUSART_OVERRUN_ERROR_ISR		CODE           	2830	0000	2
		_EUSART_FRAMIN_ERROR_ISR		CODE           	2832	0000	2

MCAL_Layer/usart/hal_usart.c estimated size: 10

shared
		_btn_valus     		SMALLCONST     	0000	0000	0
		__initialization		CODE           	2604	0000	88

shared estimated size: 88

MCAL_Layer/Interrupt/mcal_external_interrupt.c
		_RB4_ISR       		CODE           	2798	0000	26
		_RB5_ISR       		CODE           	277E	0000	26
		_RB6_ISR       		CODE           	2764	0000	26
		_RB7_ISR       		CODE           	274A	0000	26
		_INT0_ISR      		CODE           	281A	0000	4
		_INT1_ISR      		CODE           	2816	0000	4
		_INT2_ISR      		CODE           	2812	0000	4

MCAL_Layer/Interrupt/mcal_external_interrupt.c estimated size: 116

MCAL_Layer/ADC/hal_adc.c
		_ADC_ISR       		CODE           	282A	0000	4

MCAL_Layer/ADC/hal_adc.c estimated size: 4

MCAL_Layer/Interrupt/mcal_interrupt_manager.c
		_InterruptManager		CODE           	0008	0000	1086

MCAL_Layer/Interrupt/mcal_interrupt_manager.c estimated size: 1086

ECU_Layer/LED/ecu_led.c
		_led_initialize		CODE           	2526	0000	114
		_led_turn_on   		CODE           	243A	0000	118
		_led_turn_off  		CODE           	24B0	0000	118

ECU_Layer/LED/ecu_led.c estimated size: 350

ECU_Layer/ecu_layer_init.c
		_ecu_layer_initialize		CODE           	27C8	0000	14

ECU_Layer/ecu_layer_init.c estimated size: 14

application.c
		_main          		CODE           	23AE	0000	140
		_application_intialize		CODE           	2808	0000	6
		_MSSP_I2C_DefaultInterruptHandler		CODE           	27B2	0000	22

application.c estimated size: 168

MCAL_Layer/Timer3/hal_timer3.c
		_TIMER3_ISR    		CODE           	27D6	0000	12

MCAL_Layer/Timer3/hal_timer3.c estimated size: 12

MCAL_Layer/Timer2/hal_timer2.c
		_TIMER2_ISR    		CODE           	27FA	0000	8

MCAL_Layer/Timer2/hal_timer2.c estimated size: 8

MCAL_Layer/Timer1/hal_timer1.c
		_TIMER1_ISR    		CODE           	27E2	0000	12

MCAL_Layer/Timer1/hal_timer1.c estimated size: 12

MCAL_Layer/Timer0/hal_timer0.c
		_TIMER0_ISR    		CODE           	27EE	0000	12

MCAL_Layer/Timer0/hal_timer0.c estimated size: 12

MCAL_Layer/CCP/hal_ccp.c
		_CCP1_ISR      		CODE           	2826	0000	4
		_CCP2_ISR      		CODE           	2822	0000	4

MCAL_Layer/CCP/hal_ccp.c estimated size: 8

