Microchip MPLAB XC8 Compiler V2.40

Linker command line:

-W-3 \
  --edf=C:\Program Files\Microchip\xc8\v2.40\pic\dat\20220703182018_en.msgs \
  -cn -h+dist/default/production\Interface_Drivers.production.sym \
  --cmf=dist/default/production\Interface_Drivers.production.cmf -z \
  -Q18F4620 -oC:\Users\ENGA_E~1\AppData\Local\Temp\xcAs934.4 \
  --defsym=__MPLAB_BUILD=1 --fixupoverflow=error \
  -Mdist/default/production/Interface_Drivers.production.map \
  --md=C:\Users\ENGA_E~1\AppData\Local\Temp\xcAs934.dat -E1 \
  -ver=XC8 Compiler --acfsm=1493 -ACODE=00h-0FFFFh -ACONST=00h-0FFFFh \
  -ASMALLCONST=01000h-010FFhx240 -AMEDIUMCONST=01000h-0FFFFh \
  -ACOMRAM=01h-07Fh -AABS1=00h-0F7Fh -ABIGRAM=01h-0F7Fh \
  -ARAM=080h-0FFh,0100h-01FFhx14,0F00h-0F7Fh -ABANK0=080h-0FFh \
  -ABANK1=0100h-01FFh -ABANK2=0200h-02FFh -ABANK3=0300h-03FFh \
  -ABANK4=0400h-04FFh -ABANK5=0500h-05FFh -ABANK6=0600h-06FFh \
  -ABANK7=0700h-07FFh -ABANK8=0800h-08FFh -ABANK9=0900h-09FFh \
  -ABANK10=0A00h-0AFFh -ABANK11=0B00h-0BFFh -ABANK12=0C00h-0CFFh \
  -ABANK13=0D00h-0DFFh -ABANK14=0E00h-0EFFh -ABANK15=0F00h-0F7Fh \
  -ASFR=0F80h-0FFFh -ABIGSFR=0F80h-0FFFh -ACONFIG=0300000h-030000Dh \
  -AIDLOC=0200000h-0200007h -AEEDATA=0F00000h-0F003FFh -peeprom_data=EEDATA \
  -preset_vec=00h,intcode=08h,intcodelo,powerup,init -pramtop=01000h \
  -psmallconst=SMALLCONST -pmediumconst=MEDIUMCONST -pconst=CONST \
  -AFARRAM=00h-00h \
  -prdata=COMRAM,nvrram=COMRAM,nvbit=COMRAM,rbss=COMRAM,rbit=COMRAM \
  -pfarbss=FARRAM,fardata=FARRAM,nvFARRAM=FARRAM \
  -pintsave_regs=BIGRAM,bigbss=BIGRAM,bigdata=BIGRAM -pbss=RAM \
  -pidata=CODE,irdata=CODE,ibigdata=CODE,ifardata=CODE -prparam=COMRAM \
  C:\Users\ENGA_E~1\AppData\Local\Temp\xcAs934.o \
  dist/default/production\Interface_Drivers.production.o 

Object code version is 3.11

Machine type is 18F4620



                Name                               Link     Load   Length Selector   Space Scale
C:\Users\ENGA_E~1\AppData\Local\Temp\xcAs934.o
                idloc                            200000   200000        8        0       5
                config                           300000   300000        E        0       4
                init                                  E        E        4        4       0
                reset_vec                             0        0        4        0       0
dist/default/production\Interface_Drivers.production.o
                intcode                               8        8        6        4       0
                idloc                            200000   200000        8        0       5
                config                           300000   300000        E        0       4
                temp                                 6D       6D        1        1       1
                smallconst                         1000     1000       16      800       0
                text24                             1ABA     1ABA        4      CFA       0
                text23                             1AB6     1AB6        4      CFA       0
                text22                             1AB2     1AB2        4      CFA       0
                text21                             1AAE     1AAE        4      CFA       0
                text20                             1A42     1A42       1A      CFA       0
                text19                             1A28     1A28       1A      CFA       0
                text18                             1A0E     1A0E       1A      CFA       0
                text17                             19F4     19F4       1A      CFA       0
                text16                             1A8A     1A8A        C      CFA       0
                text15                             1A7E     1A7E        C      CFA       0
                text14                             1AA0     1AA0        8      CFA       0
                text13                             1698     1698       9C      80B       0
                text12                             189C     189C       72      80B       0
                text11                             1A5C     1A5C       12      CFA       0
                text10                             199A     199A       36      80B       0
                intcode_body                       1016     1016      356      80B       0
                text8                              1734     1734       80      80B       0
                text7                              15E8     15E8       B0      80B       0
                text6                              136C     136C      14A      80B       0
                text5                              14B6     14B6      132      80B       0
                text4                              182A     182A       72      80B       0
                text3                              17B4     17B4       76      80B       0
                text2                              1A6E     1A6E       10      CFA       0
                text1                              1AA8     1AA8        6      CFA       0
                text0                              1964     1964       36      80B       0
                cstackCOMRAM                         5A       5A       13        1       1
                cstackBANK0                          80       80       11       80       1
                dataBANK0                            91       91        A       80       1
                dataCOMRAM                           37       37       23        1       1
                bssCOMRAM                             1        1       36        1       1
                cinit                              190E     190E       56      80B       0
                idataBANK0                         1A96     1A96        A      CFA       0
                idataCOMRAM                        19D0     19D0       23      80B       0

TOTAL           Name                               Link     Load   Length     Space
        CLASS   CODE           
                intcode                               8        8        6         0
                init                                  E        E        4         0
                reset_vec                             0        0        4         0
                text24                             1ABA     1ABA        4         0
                text23                             1AB6     1AB6        4         0
                text22                             1AB2     1AB2        4         0
                text21                             1AAE     1AAE        4         0
                text20                             1A42     1A42       1A         0
                text19                             1A28     1A28       1A         0
                text18                             1A0E     1A0E       1A         0
                text17                             19F4     19F4       1A         0
                text16                             1A8A     1A8A        C         0
                text15                             1A7E     1A7E        C         0
                text14                             1AA0     1AA0        8         0
                text13                             1698     1698       9C         0
                text12                             189C     189C       72         0
                text11                             1A5C     1A5C       12         0
                text10                             199A     199A       36         0
                intcode_body                       1016     1016      356         0
                text8                              1734     1734       80         0
                text7                              15E8     15E8       B0         0
                text6                              136C     136C      14A         0
                text5                              14B6     14B6      132         0
                text4                              182A     182A       72         0
                text3                              17B4     17B4       76         0
                text2                              1A6E     1A6E       10         0
                text1                              1AA8     1AA8        6         0
                text0                              1964     1964       36         0
                cinit                              190E     190E       56         0
                idataBANK0                         1A96     1A96        A         0
                idataCOMRAM                        19D0     19D0       23         0

        CLASS   CONST          

        CLASS   SMALLCONST     
                smallconst                         1000     1000       16         0

        CLASS   MEDIUMCONST    

        CLASS   COMRAM         
                temp                                 6D       6D        1         1
                cstackCOMRAM                         5A       5A       13         1
                dataCOMRAM                           37       37       23         1
                bssCOMRAM                             1        1       36         1

        CLASS   ABS1           

        CLASS   BIGRAM         

        CLASS   RAM            

        CLASS   BANK0          
                cstackBANK0                          80       80       11         1
                dataBANK0                            91       91        A         1

        CLASS   BANK1          

        CLASS   BANK2          

        CLASS   BANK3          

        CLASS   BANK4          

        CLASS   BANK5          

        CLASS   BANK6          

        CLASS   BANK7          

        CLASS   BANK8          

        CLASS   BANK9          

        CLASS   BANK10         

        CLASS   BANK11         

        CLASS   BANK12         

        CLASS   BANK13         

        CLASS   BANK14         

        CLASS   BANK15         

        CLASS   SFR            

        CLASS   BIGSFR         

        CLASS   CONFIG         
                config                           300000   300000        E         4

        CLASS   IDLOC          
                idloc                            200000   200000        8         5

        CLASS   EEDATA         

        CLASS   FARRAM         

        CLASS   HEAP           

        CLASS   STACK          



SEGMENTS        Name                           Load    Length   Top    Selector   Space  Class

                reset_vec                      000000  000004  000004         0       0  CODE    
                bssCOMRAM                      000001  00006D  00006E         1       1  COMRAM  
                intcode                        000008  00000A  000012         4       0  CODE    
                cstackBANK0                    000080  00001B  00009B        80       1  BANK0   
                smallconst                     001000  000016  001016       800       0  SMALLCON
                intcode_body                   001016  0009DD  0019F3       80B       0  CODE    
                text17                         0019F4  0000CA  001ABE       CFA       0  CODE    


UNUSED ADDRESS RANGES

        Name                Unused          Largest block    Delta
        BANK0            00009B-0000FF               65
        BANK1            000100-0001FF              100
        BANK10           000A00-000AFF              100
        BANK11           000B00-000BFF              100
        BANK12           000C00-000CFF              100
        BANK13           000D00-000DFF              100
        BANK14           000E00-000EFF              100
        BANK15           000F00-000F7F               80
        BANK2            000200-0002FF              100
        BANK3            000300-0003FF              100
        BANK4            000400-0004FF              100
        BANK5            000500-0005FF              100
        BANK6            000600-0006FF              100
        BANK7            000700-0007FF              100
        BANK8            000800-0008FF              100
        BANK9            000900-0009FF              100
        BIGRAM           00006E-00007F               12
                         00009B-000F7F              EE5
        BIGSFR           000F80-000FFF               80
        CODE             000004-000007                4
                         000012-000FFF              FEE
                         0019F3-0019F3                1
                         001ABE-00FFFF             E542
        COMRAM           00006E-00007F               12
        CONST            000004-000007                4
                         000012-000FFF              FEE
                         0019F3-0019F3                1
                         001ABE-00FFFF             E542
        EEDATA           F00000-F003FF              400
        MEDIUMCONST      0019F3-0019F3                1
                         001ABE-00FFFF             E542
        RAM              00009B-000F7F              100
        SFR              000F80-000FFF               80
        SMALLCONST       0019F3-0019F3                1
                         001ABE-00FFFF              100

                                  Symbol Table

RB4_ISR@RB4_Source                        cstackCOMRAM 00005A
RB5_ISR@RB5_Source                        cstackCOMRAM 00005A
RB6_ISR@RB6_Source                        cstackCOMRAM 00005A
RB7_ISR@RB7_Source                        cstackCOMRAM 00005A
Timer3_Init@_timer                        cstackBANK0  000082
Timer3_Init@ret                           cstackCOMRAM 00006C
Timer3_Mode_Select@_timer                 cstackBANK0  000080
_ADCON0bits                               (abs)        000FC2
_ADCON1bits                               (abs)        000FC1
_ADCON2bits                               (abs)        000FC0
_ADC_ISR                                  text24       001ABA
_ADC_InterruptHandler                     bssCOMRAM    000027
_ADRESH                                   (abs)        000FC4
_ADRESL                                   (abs)        000FC3
_EEADR                                    (abs)        000FA9
_EEADRH                                   (abs)        000FAA
_EECON1bits                               (abs)        000FA6
_EECON2                                   (abs)        000FA7
_EEDATA                                   (abs)        000FA8
_INT0_ISR                                 text23       001AB6
_INT0_InterruptHandler                    bssCOMRAM    000025
_INT1_ISR                                 text22       001AB2
_INT1_InterruptHandler                    bssCOMRAM    000023
_INT2_ISR                                 text21       001AAE
_INT2_InterruptHandler                    bssCOMRAM    000021
_INTCON2bits                              (abs)        000FF1
_INTCON3bits                              (abs)        000FF0
_INTCONbits                               (abs)        000FF2
_InterruptManager                         intcode      000008
_PIE1bits                                 (abs)        000F9D
_PIE2bits                                 (abs)        000FA0
_PIR1bits                                 (abs)        000F9E
_PIR2bits                                 (abs)        000FA1
_PORTBbits                                (abs)        000F81
_RB4_Flag                                 dataCOMRAM   000057
_RB4_ISR                                  text20       001A42
_RB4_InterruptHandlerHigh                 bssCOMRAM    00001F
_RB4_InterruptHandlerLow                  bssCOMRAM    00001D
_RB5_Flag                                 dataCOMRAM   000056
_RB5_ISR                                  text19       001A28
_RB5_InterruptHandlerHigh                 bssCOMRAM    00001B
_RB5_InterruptHandlerLow                  bssCOMRAM    000019
_RB6_Flag                                 dataCOMRAM   000055
_RB6_ISR                                  text18       001A0E
_RB6_InterruptHandlerHigh                 bssCOMRAM    000017
_RB6_InterruptHandlerLow                  bssCOMRAM    000015
_RB7_Flag                                 dataCOMRAM   000054
_RB7_ISR                                  text17       0019F4
_RB7_InterruptHandlerHigh                 bssCOMRAM    000013
_RB7_InterruptHandlerLow                  bssCOMRAM    000011
_T0CONbits                                (abs)        000FD5
_T1CONbits                                (abs)        000FCD
_T2CONbits                                (abs)        000FCA
_T3CONbits                                (abs)        000FB1
_TIMER0_ISR                               text16       001A8A
_TIMER0_InterruptHandler                  bssCOMRAM    00000D
_TIMER1_ISR                               text15       001A7E
_TIMER1_InterruptHandler                  bssCOMRAM    000007
_TIMER2_ISR                               text14       001AA0
_TIMER2_InterruptHandler                  bssCOMRAM    000005
_TIMER3_ISR                               text10       00199A
_TIMER3_InterruptHandler                  bssCOMRAM    000001
_TMR0H                                    (abs)        000FD7
_TMR0L                                    (abs)        000FD6
_TMR1H                                    (abs)        000FCF
_TMR1L                                    (abs)        000FCE
_TMR2                                     (abs)        000FCC
_TMR3H                                    (abs)        000FB3
_TMR3L                                    (abs)        000FB2
_TRISA                                    (abs)        000F92
_TRISB                                    (abs)        000F93
_TRISE                                    (abs)        000F96
_Timer3_DefaultInterruptHandler           text11       001A5C
_Timer3_Init                              text7        0015E8
_Timer3_Mode_Select                       text8        001734
__HRAM                                    (abs)        000000
__Habs1                                   abs1         000000
__Hbank0                                  bank0        000000
__Hbank1                                  bank1        000000
__Hbank10                                 bank10       000000
__Hbank11                                 bank11       000000
__Hbank12                                 bank12       000000
__Hbank13                                 bank13       000000
__Hbank14                                 bank14       000000
__Hbank15                                 bank15       000000
__Hbank2                                  bank2        000000
__Hbank3                                  bank3        000000
__Hbank4                                  bank4        000000
__Hbank5                                  bank5        000000
__Hbank6                                  bank6        000000
__Hbank7                                  bank7        000000
__Hbank8                                  bank8        000000
__Hbank9                                  bank9        000000
__Hbigbss                                 bigbss       000000
__Hbigdata                                bigdata      000000
__Hbigram                                 bigram       000000
__Hbigsfr                                 bigsfr       000000
__Hbss                                    bss          000000
__HbssCOMRAM                              bssCOMRAM    000000
__Hcinit                                  cinit        000000
__Hclrtext                                clrtext      000000
__Hcomram                                 comram       000000
__Hconfig                                 config       30000E
__Hconst                                  const        000000
__HcstackBANK0                            cstackBANK0  000000
__HcstackCOMRAM                           cstackCOMRAM 000000
__Hdata                                   data         000000
__HdataBANK0                              dataBANK0    000000
__HdataCOMRAM                             dataCOMRAM   000000
__Heeprom_data                            eeprom_data  000000
__Hfarbss                                 farbss       000000
__Hfardata                                fardata      000000
__Hheap                                   heap         000000
__Hibigdata                               ibigdata     000000
__Hidata                                  idata        000000
__HidataBANK0                             idataBANK0   000000
__HidataCOMRAM                            idataCOMRAM  000000
__Hidloc                                  idloc        200008
__Hifardata                               ifardata     000000
__Hinit                                   init         000012
__Hintcode                                intcode      00000E
__Hintcode_body                           intcode_body 000000
__Hintcodelo                              intcodelo    00000E
__Hintentry                               intentry     000000
__Hintret                                 intret       000000
__Hintsave_regs                           intsave_regs 000000
__Hirdata                                 irdata       000000
__Hmediumconst                            mediumconst  000000
__HnvFARRAM                               nvFARRAM     000000
__Hnvbit                                  nvbit        000000
__Hnvrram                                 nvrram       000000
__Hparam                                  rparam       000000
__Hpowerup                                powerup      00000E
__Hram                                    ram          000000
__Hramtop                                 ramtop       001000
__Hrbit                                   rbit         000000
__Hrbss                                   rbss         000000
__Hrdata                                  rdata        000000
__Hreset_vec                              reset_vec    000004
__Hrparam                                 rparam       000000
__Hsfr                                    sfr          000000
__Hsmallconst                             smallconst   001016
__Hspace_0                                (abs)        001ABE
__Hspace_1                                (abs)        00009B
__Hspace_2                                (abs)        000000
__Hspace_4                                (abs)        60000E
__Hstack                                  stack        000000
__Hstruct                                 struct       000000
__Htemp                                   temp         00006E
__Htext                                   text         000000
__Htext0                                  text0        000000
__Htext1                                  text1        000000
__Htext10                                 text10       000000
__Htext11                                 text11       000000
__Htext12                                 text12       000000
__Htext13                                 text13       000000
__Htext14                                 text14       000000
__Htext15                                 text15       000000
__Htext16                                 text16       000000
__Htext17                                 text17       000000
__Htext18                                 text18       000000
__Htext19                                 text19       000000
__Htext2                                  text2        000000
__Htext20                                 text20       000000
__Htext21                                 text21       000000
__Htext22                                 text22       000000
__Htext23                                 text23       000000
__Htext24                                 text24       000000
__Htext25                                 text25       000000
__Htext3                                  text3        000000
__Htext4                                  text4        000000
__Htext5                                  text5        000000
__Htext6                                  text6        000000
__Htext7                                  text7        000000
__Htext8                                  text8        000000
__LRAM                                    (abs)        000001
__Labs1                                   abs1         000000
__Lbank0                                  bank0        000000
__Lbank1                                  bank1        000000
__Lbank10                                 bank10       000000
__Lbank11                                 bank11       000000
__Lbank12                                 bank12       000000
__Lbank13                                 bank13       000000
__Lbank14                                 bank14       000000
__Lbank15                                 bank15       000000
__Lbank2                                  bank2        000000
__Lbank3                                  bank3        000000
__Lbank4                                  bank4        000000
__Lbank5                                  bank5        000000
__Lbank6                                  bank6        000000
__Lbank7                                  bank7        000000
__Lbank8                                  bank8        000000
__Lbank9                                  bank9        000000
__Lbigbss                                 bigbss       000000
__Lbigdata                                bigdata      000000
__Lbigram                                 bigram       000000
__Lbigsfr                                 bigsfr       000000
__Lbss                                    bss          000000
__LbssCOMRAM                              bssCOMRAM    000000
__Lcinit                                  cinit        000000
__Lclrtext                                clrtext      000000
__Lcomram                                 comram       000000
__Lconfig                                 config       000000
__Lconst                                  const        000000
__LcstackBANK0                            cstackBANK0  000000
__LcstackCOMRAM                           cstackCOMRAM 000000
__Ldata                                   data         000000
__LdataBANK0                              dataBANK0    000000
__LdataCOMRAM                             dataCOMRAM   000000
__Leeprom_data                            eeprom_data  000000
__Lfarbss                                 farbss       000000
__Lfardata                                fardata      000000
__Lheap                                   heap         000000
__Libigdata                               ibigdata     000000
__Lidata                                  idata        000000
__LidataBANK0                             idataBANK0   000000
__LidataCOMRAM                            idataCOMRAM  000000
__Lidloc                                  idloc        000000
__Lifardata                               ifardata     000000
__Linit                                   init         00000E
__Lintcode                                intcode      000008
__Lintcode_body                           intcode_body 000000
__Lintcodelo                              intcodelo    00000E
__Lintentry                               intentry     000000
__Lintret                                 intret       000000
__Lintsave_regs                           intsave_regs 000000
__Lirdata                                 irdata       000000
__Lmediumconst                            mediumconst  000000
__LnvFARRAM                               nvFARRAM     000000
__Lnvbit                                  nvbit        000000
__Lnvrram                                 nvrram       000000
__Lparam                                  rparam       000000
__Lpowerup                                powerup      00000E
__Lram                                    ram          000000
__Lramtop                                 ramtop       001000
__Lrbit                                   rbit         000000
__Lrbss                                   rbss         000000
__Lrdata                                  rdata        000000
__Lreset_vec                              reset_vec    000000
__Lrparam                                 rparam       000000
__Lsfr                                    sfr          000000
__Lsmallconst                             smallconst   001000
__Lspace_0                                (abs)        000000
__Lspace_1                                (abs)        000000
__Lspace_2                                (abs)        000000
__Lspace_4                                (abs)        000000
__Lstack                                  stack        000000
__Lstruct                                 struct       000000
__Ltemp                                   temp         00006D
__Ltext                                   text         000000
__Ltext0                                  text0        000000
__Ltext1                                  text1        000000
__Ltext10                                 text10       000000
__Ltext11                                 text11       000000
__Ltext12                                 text12       000000
__Ltext13                                 text13       000000
__Ltext14                                 text14       000000
__Ltext15                                 text15       000000
__Ltext16                                 text16       000000
__Ltext17                                 text17       000000
__Ltext18                                 text18       000000
__Ltext19                                 text19       000000
__Ltext2                                  text2        000000
__Ltext20                                 text20       000000
__Ltext21                                 text21       000000
__Ltext22                                 text22       000000
__Ltext23                                 text23       000000
__Ltext24                                 text24       000000
__Ltext25                                 text25       000000
__Ltext3                                  text3        000000
__Ltext4                                  text4        000000
__Ltext5                                  text5        000000
__Ltext6                                  text6        000000
__Ltext7                                  text7        000000
__Ltext8                                  text8        000000
__S0                                      (abs)        001ABE
__S1                                      (abs)        00009B
__S4                                      (abs)        000000
__S5                                      (abs)        000000
___heap_hi                                (abs)        000000
___heap_lo                                (abs)        000000
___inthi_sp                               stack        000000
___intlo_sp                               stack        000000
___param_bank                             (abs)        000000
___rparam_used                            (abs)        000001
___sp                                     stack        000000
__accesstop                               (abs)        000080
__activetblptr                            (abs)        000003
__end_of_ADC_ISR                          text24       001ABE
__end_of_INT0_ISR                         text23       001ABA
__end_of_INT1_ISR                         text22       001AB6
__end_of_INT2_ISR                         text21       001AB2
__end_of_InterruptManager                 intcode_body 00136C
__end_of_RB4_ISR                          text20       001A5C
__end_of_RB5_ISR                          text19       001A42
__end_of_RB6_ISR                          text18       001A28
__end_of_RB7_ISR                          text17       001A0E
__end_of_TIMER0_ISR                       text16       001A96
__end_of_TIMER1_ISR                       text15       001A8A
__end_of_TIMER2_ISR                       text14       001AA8
__end_of_TIMER3_ISR                       text10       0019D0
__end_of_Timer3_DefaultInterruptHandler   text11       001A6E
__end_of_Timer3_Init                      text7        001698
__end_of_Timer3_Mode_Select               text8        0017B4
__end_of__initialization                  cinit        00195A
__end_of_application_intialize            text1        001AAE
__end_of_btn_valus                        smallconst   001011
__end_of_ecu_layer_initialize             text2        001A7E
__end_of_gpio_pin_direction_initialize    text6        0014B6
__end_of_gpio_pin_initialize              text4        00189C
__end_of_gpio_pin_toggle_logic            text13       001734
__end_of_gpio_pin_write_logic             text5        0015E8
__end_of_led_initialize                   text3        00182A
__end_of_led_turn_toggle                  text12       00190E
__end_of_main                             text0        00199A
__initialization                          cinit        00190E
__mediumconst                             mediumconst  000000
__pbssCOMRAM                              bssCOMRAM    000001
__pcinit                                  cinit        00190E
__pcstackBANK0                            cstackBANK0  000080
__pcstackCOMRAM                           cstackCOMRAM 00005A
__pdataBANK0                              dataBANK0    000091
__pdataCOMRAM                             dataCOMRAM   000037
__pidataBANK0                             idataBANK0   001A96
__pidataCOMRAM                            idataCOMRAM  0019D0
__pintcode                                intcode      000008
__pintcode_body                           intcode_body 001016
__psmallconst                             smallconst   001000
__ptext0                                  text0        001964
__ptext1                                  text1        001AA8
__ptext10                                 text10       00199A
__ptext11                                 text11       001A5C
__ptext12                                 text12       00189C
__ptext13                                 text13       001698
__ptext14                                 text14       001AA0
__ptext15                                 text15       001A7E
__ptext16                                 text16       001A8A
__ptext17                                 text17       0019F4
__ptext18                                 text18       001A0E
__ptext19                                 text19       001A28
__ptext2                                  text2        001A6E
__ptext20                                 text20       001A42
__ptext21                                 text21       001AAE
__ptext22                                 text22       001AB2
__ptext23                                 text23       001AB6
__ptext24                                 text24       001ABA
__ptext25                                 text25       000000
__ptext3                                  text3        0017B4
__ptext4                                  text4        00182A
__ptext5                                  text5        0014B6
__ptext6                                  text6        00136C
__ptext7                                  text7        0015E8
__ptext8                                  text8        001734
__ramtop                                  ramtop       001000
__smallconst                              smallconst   001000
_application_intialize                    text1        001AA8
_btn_c2                                   dataCOMRAM   000051
_ecu_layer_initialize                     text2        001A6E
_gpio_pin_direction_initialize            text6        00136C
_gpio_pin_initialize                      text4        00182A
_gpio_pin_toggle_logic                    text13       001698
_gpio_pin_write_logic                     text5        0014B6
_lat_registers                            dataCOMRAM   000037
_lcd_1                                    dataCOMRAM   00004B
_led0                                     dataCOMRAM   000058
_led1                                     dataCOMRAM   000059
_led_initialize                           text3        0017B4
_led_turn_toggle                          text12       00189C
_main                                     text0        001964
_port_registers                           dataBANK0    000091
_timer0_preload                           bssCOMRAM    00000B
_timer1_preload                           bssCOMRAM    000009
_timer2_preload                           bssCOMRAM    000029
_timer3_counter_obj                       bssCOMRAM    000031
_timer3_counter_on                        bssCOMRAM    00000F
_timer3_preload                           bssCOMRAM    000003
_tris_registers                           dataCOMRAM   000041
btemp                                     temp         00006D
end_of_initialization                     cinit        00195A
gpio_pin_direction_initialize@_pin_config cstackBANK0  000080
gpio_pin_direction_initialize@ret         cstackCOMRAM 00006C
gpio_pin_initialize@_pin_config           cstackBANK0  000089
gpio_pin_initialize@ret                   cstackBANK0  00008C
gpio_pin_toggle_logic@_pin_config         cstackCOMRAM 00005A
gpio_pin_toggle_logic@ret                 cstackCOMRAM 000061
gpio_pin_write_logic@_pin_config          cstackBANK0  000080
gpio_pin_write_logic@logic                cstackBANK0  000082
gpio_pin_write_logic@ret                  cstackCOMRAM 00006C
int$flags                                 temp         00006D
int_func                                  intcode_body 001016
intlevel0                                 text         000000
intlevel1                                 text         000000
intlevel2                                 text         000000
intlevel3                                 text         000000
isa$std                                   (abs)        000001
isa$xinst                                 (abs)        000000
led_initialize@F3045                      bssCOMRAM    000030
led_initialize@led                        cstackBANK0  00008D
led_initialize@pin_obj                    cstackBANK0  000090
led_turn_off@F3055                        bssCOMRAM    00002E
led_turn_on@F3050                         bssCOMRAM    00002F
led_turn_toggle@F3060                     bssCOMRAM    00002D
led_turn_toggle@led                       cstackCOMRAM 000062
led_turn_toggle@pin_obj                   cstackCOMRAM 000065
relay_initialize@F3039                    bssCOMRAM    00002C
relay_turn_off@F3049                      bssCOMRAM    00002A
relay_turn_on@F3044                       bssCOMRAM    00002B
stackhi                                   (abs)        000000
stacklo                                   (abs)        000000
start                                     init         00000E
start_initialization                      cinit        00190E
ttemp5                                    temp         00006E
ttemp6                                    temp         000071
ttemp7                                    temp         000075
wtemp8                                    temp         00006E


MODULE INFORMATION

Module		Function		Class		Link	Load	Size
MCAL_Layer/GPIO/hal_gbio.c
		_gpio_pin_write_logic		CODE           	14B6	0000	306
		_gpio_pin_direction_initialize		CODE           	136C	0000	330
		_gpio_pin_toggle_logic		CODE           	1698	0000	156
		_gpio_pin_initialize		CODE           	182A	0000	114

MCAL_Layer/GPIO/hal_gbio.c estimated size: 906

shared
		_btn_valus     		SMALLCONST     	0000	0000	0
		__initialization		CODE           	190E	0000	76

shared estimated size: 76

MCAL_Layer/Interrupt/mcal_external_interrupt.c
		_RB4_ISR       		CODE           	1A42	0000	26
		_RB5_ISR       		CODE           	1A28	0000	26
		_RB6_ISR       		CODE           	1A0E	0000	26
		_RB7_ISR       		CODE           	19F4	0000	26
		_INT0_ISR      		CODE           	1AB6	0000	4
		_INT1_ISR      		CODE           	1AB2	0000	4
		_INT2_ISR      		CODE           	1AAE	0000	4

MCAL_Layer/Interrupt/mcal_external_interrupt.c estimated size: 116

MCAL_Layer/ADC/hal_adc.c
		_ADC_ISR       		CODE           	1ABA	0000	4

MCAL_Layer/ADC/hal_adc.c estimated size: 4

MCAL_Layer/Interrupt/mcal_interrupt_manager.c
		_InterruptManager		CODE           	0008	0000	860

MCAL_Layer/Interrupt/mcal_interrupt_manager.c estimated size: 860

ECU_Layer/LED/ecu_led.c
		_led_turn_toggle		CODE           	189C	0000	114
		_led_initialize		CODE           	17B4	0000	118

ECU_Layer/LED/ecu_led.c estimated size: 232

ECU_Layer/ecu_layer_init.c
		_ecu_layer_initialize		CODE           	1A6E	0000	16

ECU_Layer/ecu_layer_init.c estimated size: 16

application.c
		_Timer3_DefaultInterruptHandler		CODE           	1A5C	0000	18
		_main          		CODE           	1964	0000	54
		_application_intialize		CODE           	1AA8	0000	6

application.c estimated size: 78

MCAL_Layer/Timer3/hal_timer3.c
		_Timer3_Init   		CODE           	15E8	0000	176
		_Timer3_Mode_Select		CODE           	1734	0000	128
		_TIMER3_ISR    		CODE           	199A	0000	54

MCAL_Layer/Timer3/hal_timer3.c estimated size: 358

MCAL_Layer/Timer2/hal_timer2.c
		_TIMER2_ISR    		CODE           	1AA0	0000	8

MCAL_Layer/Timer2/hal_timer2.c estimated size: 8

MCAL_Layer/Timer1/hal_timer1.c
		_TIMER1_ISR    		CODE           	1A7E	0000	12

MCAL_Layer/Timer1/hal_timer1.c estimated size: 12

MCAL_Layer/Timer0/hal_timer0.c
		_TIMER0_ISR    		CODE           	1A8A	0000	12

MCAL_Layer/Timer0/hal_timer0.c estimated size: 12

